// Jest Snapshot v1, https://goo.gl/fbAQLP

exports[`Heading should render Heading component 1`] = `
<div>
  <h3
    class="sc-bczRLJ jYqVQl"
  >
    I am a test
  </h3>
</div>
`;
